// Jest Snapshot v1, https://goo.gl/fbAQLP

exports[`<Form /> should match snapshot 1`] = `
<form
  className="container"
  data-testid="form"
  noValidate={true}
  onSubmit={[Function]}
>
  <div
    className="inputGroup"
  >
    <label
      className="hiddenLabelText"
      htmlFor="firstName"
    >
      First Name:
    </label>
    <input
      className="input"
      id="firstName"
      name="firstName"
      onBlur={[Function]}
      onChange={[Function]}
      placeholder="First Name"
      type="text"
      value=""
    />
  </div>
  <div
    className="inputGroup"
  >
    <label
      className="hiddenLabelText"
      htmlFor="lastName"
    >
      Last Name:
    </label>
    <input
      className="input"
      id="lastName"
      name="lastName"
      onBlur={[Function]}
      onChange={[Function]}
      placeholder="Last Name"
      type="text"
      value=""
    />
  </div>
  <div
    className="inputGroup"
  >
    <label
      className="hiddenLabelText"
      htmlFor="email"
    >
      Email:
    </label>
    <input
      className="input"
      id="email"
      name="email"
      onBlur={[Function]}
      onChange={[Function]}
      placeholder="Email"
      type="email"
      value=""
    />
  </div>
  <div
    className="inputGroup"
  >
    <label
      className="hiddenLabelText"
      htmlFor="phoneNumber"
    >
      Phone Number:
    </label>
    <input
      className="input"
      id="phoneNumber"
      name="phoneNumber"
      onBlur={[Function]}
      onChange={[Function]}
      placeholder="Phone Number"
      type="tel"
      value=""
    />
  </div>
  <div
    className="inputGroup"
  >
    <label
      className="labelText"
      htmlFor="tAC"
    >
      Yes, I agree to the terms and conditions:
    </label>
    <input
      id="tAC"
      name="tAC"
      onClick={[Function]}
      type="checkbox"
      value={false}
    />
  </div>
  <input
    className="submit"
    disabled={false}
    type="submit"
    value="Submit"
  />
</form>
`;
