// Jest Snapshot v1, https://goo.gl/fbAQLP

exports[`<Calendar /> should match snapshot 1`] = `
<div
  className="container"
>
  <div
    className="container"
  >
    <div>
      <h1
        className="monthText"
      >
        August 2020
      </h1>
    </div>
    <div
      className="buttonContainer"
    >
      <button
        className="button"
        onClick={[Function]}
        type="button"
      >
        &lt;
      </button>
      <button
        className="button"
        onClick={[Function]}
        type="button"
      >
        &gt;
      </button>
    </div>
  </div>
  <table
    className="table"
    role="grid"
  >
    <thead>
      <tr>
        <th
          className="column"
        >
          Sun
        </th>
        <th
          className="column"
        >
          Mon
        </th>
        <th
          className="column"
        >
          Tue
        </th>
        <th
          className="column"
        >
          Wed
        </th>
        <th
          className="column"
        >
          Thu
        </th>
        <th
          className="column"
        >
          Fri
        </th>
        <th
          className="column"
        >
          Sat
        </th>
      </tr>
    </thead>
    <tbody
      className="calendarBody"
    >
      <tr />
      <tr>
        <td
          className="container"
          onClick={[Function]}
          onKeyUp={[Function]}
          role="gridcell"
        >
          <p
            className="dateText"
          >
            
          </p>
          <p
            className="messageText"
          />
        </td>
        <td
          className="container"
          onClick={[Function]}
          onKeyUp={[Function]}
          role="gridcell"
        >
          <p
            className="dateText"
          >
            
          </p>
          <p
            className="messageText"
          />
        </td>
        <td
          className="container"
          onClick={[Function]}
          onKeyUp={[Function]}
          role="gridcell"
        >
          <p
            className="dateText"
          >
            
          </p>
          <p
            className="messageText"
          />
        </td>
        <td
          className="container"
          onClick={[Function]}
          onKeyUp={[Function]}
          role="gridcell"
        >
          <p
            className="dateText"
          >
            
          </p>
          <p
            className="messageText"
          />
        </td>
        <td
          className="container"
          onClick={[Function]}
          onKeyUp={[Function]}
          role="gridcell"
        >
          <p
            className="dateText"
          >
            
          </p>
          <p
            className="messageText"
          />
        </td>
        <td
          className="container"
          onClick={[Function]}
          onKeyUp={[Function]}
          role="gridcell"
        >
          <p
            className="dateText"
          >
            
          </p>
          <p
            className="messageText"
          />
        </td>
        <td
          className="activeContainer"
          onClick={[Function]}
          onKeyUp={[Function]}
          role="gridcell"
        >
          <p
            className="dateText"
          >
            1
          </p>
          <p
            className="messageText"
          />
        </td>
      </tr>
      <tr>
        <td
          className="activeContainer"
          onClick={[Function]}
          onKeyUp={[Function]}
          role="gridcell"
        >
          <p
            className="dateText"
          >
            2
          </p>
          <p
            className="messageText"
          />
        </td>
        <td
          className="activeContainer"
          onClick={[Function]}
          onKeyUp={[Function]}
          role="gridcell"
        >
          <p
            className="dateText"
          >
            3
          </p>
          <p
            className="messageText"
          />
        </td>
        <td
          className="activeContainer"
          onClick={[Function]}
          onKeyUp={[Function]}
          role="gridcell"
        >
          <p
            className="dateText"
          >
            4
          </p>
          <p
            className="messageText"
          />
        </td>
        <td
          className="activeContainer"
          onClick={[Function]}
          onKeyUp={[Function]}
          role="gridcell"
        >
          <p
            className="dateText"
          >
            5
          </p>
          <p
            className="messageText"
          />
        </td>
        <td
          className="activeContainer"
          onClick={[Function]}
          onKeyUp={[Function]}
          role="gridcell"
        >
          <p
            className="dateText"
          >
            6
          </p>
          <p
            className="messageText"
          />
        </td>
        <td
          className="activeContainer"
          onClick={[Function]}
          onKeyUp={[Function]}
          role="gridcell"
        >
          <p
            className="dateText"
          >
            7
          </p>
          <p
            className="messageText"
          />
        </td>
        <td
          className="activeContainer"
          onClick={[Function]}
          onKeyUp={[Function]}
          role="gridcell"
        >
          <p
            className="dateText"
          >
            8
          </p>
          <p
            className="messageText"
          />
        </td>
      </tr>
      <tr>
        <td
          className="activeContainer"
          onClick={[Function]}
          onKeyUp={[Function]}
          role="gridcell"
        >
          <p
            className="dateText"
          >
            9
          </p>
          <p
            className="messageText"
          />
        </td>
        <td
          className="activeContainer"
          onClick={[Function]}
          onKeyUp={[Function]}
          role="gridcell"
        >
          <p
            className="dateText"
          >
            10
          </p>
          <p
            className="messageText"
          />
        </td>
        <td
          className="activeContainer"
          onClick={[Function]}
          onKeyUp={[Function]}
          role="gridcell"
        >
          <p
            className="dateText"
          >
            11
          </p>
          <p
            className="messageText"
          />
        </td>
        <td
          className="activeContainer"
          onClick={[Function]}
          onKeyUp={[Function]}
          role="gridcell"
        >
          <p
            className="dateText"
          >
            12
          </p>
          <p
            className="messageText"
          />
        </td>
        <td
          className="activeContainer"
          onClick={[Function]}
          onKeyUp={[Function]}
          role="gridcell"
        >
          <p
            className="dateText"
          >
            13
          </p>
          <p
            className="messageText"
          />
        </td>
        <td
          className="todayContainer"
          onClick={[Function]}
          onKeyUp={[Function]}
          role="gridcell"
        >
          <p
            className="dateText"
          >
            14
          </p>
          <p
            className="messageText"
          />
        </td>
        <td
          className="activeContainer"
          onClick={[Function]}
          onKeyUp={[Function]}
          role="gridcell"
        >
          <p
            className="dateText"
          >
            15
          </p>
          <p
            className="messageText"
          />
        </td>
      </tr>
      <tr>
        <td
          className="activeContainer"
          onClick={[Function]}
          onKeyUp={[Function]}
          role="gridcell"
        >
          <p
            className="dateText"
          >
            16
          </p>
          <p
            className="messageText"
          />
        </td>
        <td
          className="activeContainer"
          onClick={[Function]}
          onKeyUp={[Function]}
          role="gridcell"
        >
          <p
            className="dateText"
          >
            17
          </p>
          <p
            className="messageText"
          />
        </td>
        <td
          className="activeContainer"
          onClick={[Function]}
          onKeyUp={[Function]}
          role="gridcell"
        >
          <p
            className="dateText"
          >
            18
          </p>
          <p
            className="messageText"
          />
        </td>
        <td
          className="activeContainer"
          onClick={[Function]}
          onKeyUp={[Function]}
          role="gridcell"
        >
          <p
            className="dateText"
          >
            19
          </p>
          <p
            className="messageText"
          />
        </td>
        <td
          className="activeContainer"
          onClick={[Function]}
          onKeyUp={[Function]}
          role="gridcell"
        >
          <p
            className="dateText"
          >
            20
          </p>
          <p
            className="messageText"
          />
        </td>
        <td
          className="activeContainer"
          onClick={[Function]}
          onKeyUp={[Function]}
          role="gridcell"
        >
          <p
            className="dateText"
          >
            21
          </p>
          <p
            className="messageText"
          />
        </td>
        <td
          className="activeContainer"
          onClick={[Function]}
          onKeyUp={[Function]}
          role="gridcell"
        >
          <p
            className="dateText"
          >
            22
          </p>
          <p
            className="messageText"
          />
        </td>
      </tr>
      <tr>
        <td
          className="activeContainer"
          onClick={[Function]}
          onKeyUp={[Function]}
          role="gridcell"
        >
          <p
            className="dateText"
          >
            23
          </p>
          <p
            className="messageText"
          />
        </td>
        <td
          className="activeContainer"
          onClick={[Function]}
          onKeyUp={[Function]}
          role="gridcell"
        >
          <p
            className="dateText"
          >
            24
          </p>
          <p
            className="messageText"
          />
        </td>
        <td
          className="activeContainer"
          onClick={[Function]}
          onKeyUp={[Function]}
          role="gridcell"
        >
          <p
            className="dateText"
          >
            25
          </p>
          <p
            className="messageText"
          />
        </td>
        <td
          className="activeContainer"
          onClick={[Function]}
          onKeyUp={[Function]}
          role="gridcell"
        >
          <p
            className="dateText"
          >
            26
          </p>
          <p
            className="messageText"
          />
        </td>
        <td
          className="activeContainer"
          onClick={[Function]}
          onKeyUp={[Function]}
          role="gridcell"
        >
          <p
            className="dateText"
          >
            27
          </p>
          <p
            className="messageText"
          />
        </td>
        <td
          className="activeContainer"
          onClick={[Function]}
          onKeyUp={[Function]}
          role="gridcell"
        >
          <p
            className="dateText"
          >
            28
          </p>
          <p
            className="messageText"
          />
        </td>
        <td
          className="activeContainer"
          onClick={[Function]}
          onKeyUp={[Function]}
          role="gridcell"
        >
          <p
            className="dateText"
          >
            29
          </p>
          <p
            className="messageText"
          />
        </td>
      </tr>
      <tr>
        <td
          className="activeContainer"
          onClick={[Function]}
          onKeyUp={[Function]}
          role="gridcell"
        >
          <p
            className="dateText"
          >
            30
          </p>
          <p
            className="messageText"
          />
        </td>
        <td
          className="activeContainer"
          onClick={[Function]}
          onKeyUp={[Function]}
          role="gridcell"
        >
          <p
            className="dateText"
          >
            31
          </p>
          <p
            className="messageText"
          />
        </td>
        <td
          className="container"
          onClick={[Function]}
          onKeyUp={[Function]}
          role="gridcell"
        >
          <p
            className="dateText"
          >
            
          </p>
          <p
            className="messageText"
          />
        </td>
        <td
          className="container"
          onClick={[Function]}
          onKeyUp={[Function]}
          role="gridcell"
        >
          <p
            className="dateText"
          >
            
          </p>
          <p
            className="messageText"
          />
        </td>
        <td
          className="container"
          onClick={[Function]}
          onKeyUp={[Function]}
          role="gridcell"
        >
          <p
            className="dateText"
          >
            
          </p>
          <p
            className="messageText"
          />
        </td>
        <td
          className="container"
          onClick={[Function]}
          onKeyUp={[Function]}
          role="gridcell"
        >
          <p
            className="dateText"
          >
            
          </p>
          <p
            className="messageText"
          />
        </td>
        <td
          className="container"
          onClick={[Function]}
          onKeyUp={[Function]}
          role="gridcell"
        >
          <p
            className="dateText"
          >
            
          </p>
          <p
            className="messageText"
          />
        </td>
      </tr>
    </tbody>
  </table>
</div>
`;
