// Jest Snapshot v1, https://goo.gl/fbAQLP

exports[`<ConfirmPassword /> should match snapshot 1`] = `
Array [
  <div
    className="inputGroup"
  >
    <label
      className="hiddenLabelText"
      htmlFor="password"
    >
      Password
      <input
        className="input"
        name="password"
        onBlur={[Function]}
        onChange={[Function]}
        placeholder="Password"
        required={true}
        type="password"
        value=""
      />
    </label>
  </div>,
  <div
    className="inputGroup"
  >
    <label
      className="hiddenLabelText"
      htmlFor="confirm"
    >
      Confirm Password:
      <input
        className="input"
        name="confirm"
        onBlur={[Function]}
        onChange={[Function]}
        pattern=""
        placeholder="Confirm Password"
        required={true}
        type="password"
        value=""
      />
    </label>
  </div>,
]
`;
