// Jest Snapshot v1, https://goo.gl/fbAQLP

exports[`<CombinationBuilder /> should match snapshot 1`] = `
<div
  className="container"
>
  <h2
    className="title"
  >
    Drag tables to create a combination
  </h2>
  <div
    aria-label="droppable"
    className="droppableBox"
    onDragOver={[Function]}
    onDrop={[Function]}
  />
  <div
    className="buttonContainer"
  >
    <button
      onClick={[Function]}
      type="button"
    >
      Create
    </button>
    <button
      onClick={[Function]}
      type="button"
    >
      Cancel
    </button>
  </div>
</div>
`;
