// Jest Snapshot v1, https://goo.gl/fbAQLP

exports[`<Header /> should match snapshot 1`] = `
<div
  className="container"
>
  <div>
    <h1
      className="monthText"
    >
      August 2020
       
      <button
        aria-label="date-picker"
        className="datePickerToggle"
        onClick={[Function]}
        type="button"
      >
        &lt;
      </button>
    </h1>
  </div>
  <div
    className="buttonContainer"
  >
    <button
      className="button"
      onClick={[MockFunction]}
      type="button"
    >
      Today
    </button>
    <button
      aria-label="previous-date"
      className="button"
      onClick={[MockFunction]}
      type="button"
    >
      &lt;
    </button>
    <button
      aria-label="next-date"
      className="button"
      onClick={[MockFunction]}
      type="button"
    >
      &gt;
    </button>
  </div>
</div>
`;
