// Jest Snapshot v1, https://goo.gl/fbAQLP

exports[`<Header /> should match snapshot 1`] = `
<div
  className="container"
>
  <div
    className="monthTextContainer"
  >
    <button
      aria-label="date-picker"
      className="monthText"
      onClick={[Function]}
      type="button"
    >
      August 2020
    </button>
  </div>
  <div
    className="buttonContainer"
  >
    <button
      className="button"
      onClick={[MockFunction]}
      type="button"
    >
      Today
    </button>
    <button
      aria-label="previous-date"
      className="prevButton"
      onClick={[MockFunction]}
      type="button"
    >
      ➤
    </button>
    <button
      aria-label="next-date"
      className="button"
      onClick={[MockFunction]}
      type="button"
    >
      ➤
    </button>
  </div>
</div>
`;
