// Jest Snapshot v1, https://goo.gl/fbAQLP

exports[`<ContactForm /> should match snapshot 1`] = `
<div
  className="container"
>
  <p
    className="title"
  >
    2 people
    <br />
    21:00
    <br />
    Fri Oct 09 2020
  </p>
  <p
    className="switchText"
  >
    Do you already have an account?
    <button
      className="switchButton"
      onClick={[Function]}
      onKeyUp={[Function]}
      type="button"
    >
      Login
    </button>
  </p>
  <form
    className="container"
    data-testid="form"
    noValidate={true}
    onSubmit={[Function]}
  >
    <div
      className="inputGroup"
    >
      <label
        className="hiddenLabelText"
        htmlFor="firstName"
      >
        First Name
      </label>
      <input
        className="input"
        id="firstName"
        name="firstName"
        onBlur={[Function]}
        onChange={[Function]}
        onKeyDown={[Function]}
        pattern={null}
        placeholder="First Name"
        required={true}
        type="text"
        value=""
      />
    </div>
    <div
      className="inputGroup"
    >
      <label
        className="hiddenLabelText"
        htmlFor="lastName"
      >
        Last Name
      </label>
      <input
        className="input"
        id="lastName"
        name="lastName"
        onBlur={[Function]}
        onChange={[Function]}
        onKeyDown={[Function]}
        pattern={null}
        placeholder="Last Name"
        required={true}
        type="text"
        value=""
      />
    </div>
    <div
      className="inputGroup"
    >
      <label
        className="hiddenLabelText"
        htmlFor="username"
      >
        Email
      </label>
      <input
        className="input"
        id="username"
        name="username"
        onBlur={[Function]}
        onChange={[Function]}
        onKeyDown={[Function]}
        pattern="^[\\\\w\\\\-_.+]*[\\\\w\\\\-_.]@([\\\\w]+\\\\.)+[\\\\w]+[\\\\w]$"
        placeholder="Email"
        required={true}
        type="email"
        value=""
      />
    </div>
    <div
      className="inputGroup"
    >
      <label
        className="hiddenLabelText"
        htmlFor="phoneNumber"
      >
        Phone Number
      </label>
      <input
        className="input"
        id="phoneNumber"
        name="phoneNumber"
        onBlur={[Function]}
        onChange={[Function]}
        onKeyDown={[Function]}
        pattern="^\\\\+\\\\d{1,3} \\\\d{6,14}$"
        placeholder="Phone Number"
        required={true}
        type="tel"
        value=""
      />
    </div>
    <div
      className="inputGroup"
    >
      <label
        className="hiddenLabelText"
        htmlFor="comments"
      >
        Comments / Dietary requirements
      </label>
      <input
        className="input"
        id="comments"
        name="comments"
        onBlur={[Function]}
        onChange={[Function]}
        onKeyDown={[Function]}
        pattern={null}
        placeholder="Comments / Dietary requirements"
        required={false}
        type="textarea"
        value=""
      />
    </div>
    <div
      className="inputGroup"
    >
      <label
        className="labelText"
        htmlFor="tAC"
      >
        Yes, I agree to the terms and conditions
      </label>
      <input
        className="input"
        id="tAC"
        name="tAC"
        onBlur={[Function]}
        onChange={[Function]}
        onKeyDown={[Function]}
        pattern={null}
        placeholder="Yes, I agree to the terms and conditions"
        required={true}
        type="checkbox"
        value=""
      />
    </div>
    <input
      className="button"
      disabled={false}
      type="submit"
      value="Next"
    />
  </form>
</div>
`;
