// Jest Snapshot v1, https://goo.gl/fbAQLP

exports[`<AdminLogin /> should match snapshot 1`] = `
<div
  className="background"
>
  
  
  <div
    className="container"
  >
    <form
      className="container"
      data-testid="form"
      noValidate={true}
      onSubmit={[Function]}
    >
      <div
        className="inputGroup"
      >
        <label
          className="hiddenLabelText"
          htmlFor="username"
        >
          Username:
        </label>
        <input
          className="input"
          id="username"
          name="username"
          onBlur={[Function]}
          onChange={[Function]}
          onKeyDown={[Function]}
          pattern={null}
          placeholder="Username"
          required={true}
          type="text"
          value=""
        />
      </div>
      <div
        className="inputGroup"
      >
        <label
          className="hiddenLabelText"
          htmlFor="password"
        >
          Password:
        </label>
        <input
          className="input"
          id="password"
          name="password"
          onBlur={[Function]}
          onChange={[Function]}
          onKeyDown={[Function]}
          pattern={null}
          placeholder="Password"
          required={true}
          type="password"
          value=""
        />
      </div>
      <input
        className="submit"
        disabled={false}
        type="submit"
        value="Login"
      />
    </form>
  </div>
</div>
`;
