// Jest Snapshot v1, https://goo.gl/fbAQLP

exports[`<EditBooking /> should match snapshot 1`] = `
<div
  className="background"
>
  <div
    className="container"
  >
    <div
      className="buttonContainer"
    >
      <button
        className="exitButton"
        label="Exit Edit Window"
        onClick={[MockFunction]}
        type="button"
      >
        X
      </button>
    </div>
    <div
      className="container"
    >
      <p
        className="text"
      >
        Do you really wish to delete the booking for name on Saturday October 24th, 2020 at 8:00 PM for 2 people?
      </p>
      <button
        className="button"
        onClick={[Function]}
        type="button"
      >
        Yes
      </button>
      <button
        className="button"
        onClick={[Function]}
        type="button"
      >
        No
      </button>
    </div>
  </div>
</div>
`;
