// Jest Snapshot v1, https://goo.gl/fbAQLP

exports[`<BookingOverlay /> should match snapshot 1`] = `
<div
  className="background"
  onClick={[Function]}
  role="none"
>
  <div
    className="container"
    onMouseEnter={[Function]}
    onMouseLeave={[Function]}
  >
    <div
      className="buttonContainer"
    >
      <button
        className="exitButton"
        label="Exit Edit Window"
        onClick={[MockFunction]}
        type="button"
      >
        X
      </button>
    </div>
    <div
      className="container"
    >
      <div
        className="textContainer"
      >
        <p
          className="text"
        >
          Do you really wish to delete the booking for name on Saturday October 24th, 2020 at 8:00 PM for 2 people?
        </p>
      </div>
      <button
        className="button"
        onClick={[Function]}
        type="button"
      >
        Yes
      </button>
      <button
        className="button"
        onClick={[Function]}
        type="button"
      >
        No
      </button>
    </div>
  </div>
</div>
`;
