// Jest Snapshot v1, https://goo.gl/fbAQLP

exports[`<EditWindow /> should match snapshot 1`] = `
<div
  className="formContainer"
>
  <form
    className="container"
    data-testid="form"
    noValidate={true}
    onSubmit={[Function]}
  >
    <div
      className="inputGroup"
    >
      <label
        className="hiddenLabelText"
        htmlFor="date"
      >
        Date
      </label>
      <input
        className="input"
        id="date"
        name="date"
        onBlur={[Function]}
        onChange={[Function]}
        onKeyDown={[Function]}
        pattern={null}
        placeholder="Date"
        required={true}
        type="date"
        value="2020-10-24"
      />
    </div>
    <div
      className="inputGroup"
    >
      <label
        className="hiddenLabelText"
        htmlFor="startTime"
      >
        Start Time
      </label>
      <input
        className="input"
        id="startTime"
        name="startTime"
        onBlur={[Function]}
        onChange={[Function]}
        onKeyDown={[Function]}
        pattern={null}
        placeholder="Start Time"
        required={true}
        type="time"
        value="20:00"
      />
    </div>
    <div
      className="inputGroup"
    >
      <label
        className="hiddenLabelText"
        htmlFor="endTime"
      >
        End Time
      </label>
      <input
        className="input"
        id="endTime"
        name="endTime"
        onBlur={[Function]}
        onChange={[Function]}
        onKeyDown={[Function]}
        pattern={null}
        placeholder="End Time"
        required={true}
        type="time"
        value=""
      />
    </div>
    <div
      className="inputGroup"
    >
      <label
        className="hiddenLabelText"
        htmlFor="partySize"
      >
        Party Size
      </label>
      <input
        className="input"
        id="partySize"
        name="partySize"
        onBlur={[Function]}
        onChange={[Function]}
        onKeyDown={[Function]}
        pattern="^[1-9][0-9]*$"
        placeholder="Party Size"
        required={true}
        type="text"
        value="2"
      />
    </div>
    <div
      className="inputGroup"
    >
      <label
        className="hiddenLabelText"
        htmlFor="restaurantComments"
      >
        Restaurant Comments
      </label>
      <input
        className="input"
        id="restaurantComments"
        name="restaurantComments"
        onBlur={[Function]}
        onChange={[Function]}
        onKeyDown={[Function]}
        pattern={null}
        placeholder="Restaurant Comments"
        required={false}
        type="text-area"
        value=""
      />
    </div>
    <div
      className="inputGroup"
    >
      <label
        className="hiddenLabelText"
        htmlFor="userComments"
      >
        User Comments
      </label>
      <input
        className="input"
        id="userComments"
        name="userComments"
        onBlur={[Function]}
        onChange={[Function]}
        onKeyDown={[Function]}
        pattern={null}
        placeholder="User Comments"
        required={false}
        type="text-area"
        value=""
      />
    </div>
    <input
      className="button"
      disabled={false}
      type="submit"
      value="Save Booking"
    />
  </form>
  <div
    className="buttonContainer"
  >
    <button
      className="button"
      onClick={[MockFunction]}
      type="button"
    >
      Delete this booking
    </button>
  </div>
</div>
`;
